// Jest Snapshot v1, https://goo.gl/fbAQLP

exports[`TopPage snapshots TopPage renders correctly 1`] = `
Array [
  <h1
    className="sc-jSgupP cLxsPC"
  >
    topPage.introduction1
    <span
      className="sc-iqHYGH gOpgzN"
    >
      topPage.introduction2
    </span>
    topPage.introduction3
  </h1>,
  <h4
    className="sc-fubCfw nLQFr"
  >
    topPage.categoryTitle
  </h4>,
  <div
    style={
      Object {
        "marginBottom": "40px",
      }
    }
  >
    <div
      className="react-multi-carousel-list  "
    >
      <ul
        className="react-multi-carousel-track "
        onMouseDown={[Function]}
        onMouseEnter={[Function]}
        onMouseLeave={[Function]}
        onMouseMove={[Function]}
        onMouseUp={[Function]}
        onTouchEnd={[Function]}
        onTouchMove={[Function]}
        onTouchStart={[Function]}
        style={
          Object {
            "overflow": "unset",
            "transform": "translate3d(0px,0,0)",
            "transition": "none",
          }
        }
      />
    </div>
  </div>,
  <h4
    className="sc-fubCfw nLQFr"
  >
    topPage.topCollector
  </h4>,
  <div
    style={
      Object {
        "marginBottom": "40px",
      }
    }
  >
    <div
      className="react-multi-carousel-list  "
    >
      <ul
        className="react-multi-carousel-track "
        onMouseDown={[Function]}
        onMouseEnter={[Function]}
        onMouseLeave={[Function]}
        onMouseMove={[Function]}
        onMouseUp={[Function]}
        onTouchEnd={[Function]}
        onTouchMove={[Function]}
        onTouchStart={[Function]}
        style={
          Object {
            "overflow": "unset",
            "transform": "translate3d(0px,0,0)",
            "transition": "none",
          }
        }
      />
    </div>
  </div>,
  <h4
    className="sc-fubCfw nLQFr"
  >
    topPage.popularCreations
  </h4>,
  <div
    style={
      Object {
        "marginBottom": "40px",
      }
    }
  >
    <div
      className="react-multi-carousel-list  "
    >
      <ul
        className="react-multi-carousel-track "
        onMouseDown={[Function]}
        onMouseEnter={[Function]}
        onMouseLeave={[Function]}
        onMouseMove={[Function]}
        onMouseUp={[Function]}
        onTouchEnd={[Function]}
        onTouchMove={[Function]}
        onTouchStart={[Function]}
        style={
          Object {
            "overflow": "unset",
            "transform": "translate3d(0px,0,0)",
            "transition": "none",
          }
        }
      />
    </div>
  </div>,
]
`;
