// Jest Snapshot v1, https://goo.gl/fbAQLP

exports[`Shapes snapshots GradientText renders correctly 1`] = `
<span
  className="sc-pFZIQ dGHhdD"
>
  test
</span>
`;

exports[`Shapes snapshots H1 renders correctly 1`] = `
<h1
  className="sc-dlfnbm jnRgnW"
>
  test
</h1>
`;

exports[`Shapes snapshots H2 renders correctly 1`] = `
<h2
  className="sc-hKgILt cxTFPj"
>
  test
</h2>
`;

exports[`Shapes snapshots H3 renders correctly 1`] = `
<h3
  className="sc-eCssSg dNNVqm"
>
  test
</h3>
`;

exports[`Shapes snapshots H4 renders correctly 1`] = `
<h4
  className="sc-jSgupP cDHmtz"
>
  test
</h4>
`;

exports[`Shapes snapshots H5 renders correctly 1`] = `
<h5
  className="sc-gKsewC fmoNTL"
>
  test
</h5>
`;

exports[`Shapes snapshots SubTitle renders correctly 1`] = `
<p
  className="sc-fubCfw kZRfsJ"
>
  test
</p>
`;
