// Jest Snapshot v1, https://goo.gl/fbAQLP

exports[`SearchPage snapshots SearchPage renders correctly 1`] = `
Array [
  <h4
    className="sc-jrAGrp ftfZuI"
    style={
      Object {
        "margin": "20px",
      }
    }
  >
    searchPage.resultsFor
     
    <span
      className="sc-dQppl jezuye"
    >
       
       
    </span>
  </h4>,
  <div
    className="sc-gKsewC krDCXJ"
  >
    <div
      className="sc-dlfnbm CRSIh"
      onClick={[Function]}
      style={
        Object {
          "padding": "0",
        }
      }
    >
      <div>
        <div
          className="sc-eCssSg kkAJat"
        >
          <img
            alt="nft-image"
            className="sc-hKgILt ftdnaw"
            src="https://picsum.photos/200/300"
            style={
              Object {
                "margin": "10px 0",
                "width": "100%",
              }
            }
          />
        </div>
      </div>
    </div>
    <div
      className="sc-dlfnbm CRSIh"
      onClick={[Function]}
      style={
        Object {
          "padding": "0",
        }
      }
    >
      <div>
        <div
          className="sc-eCssSg kkAJat"
        >
          <img
            alt="nft-image"
            className="sc-hKgILt ftdnaw"
            src="https://picsum.photos/201/300"
            style={
              Object {
                "margin": "10px 0",
                "width": "100%",
              }
            }
          />
        </div>
      </div>
    </div>
    <div
      className="sc-jSgupP gUEbOS"
      size="20"
    />
  </div>,
]
`;
