// Jest Snapshot v1, https://goo.gl/fbAQLP

exports[`ProfileTopPage snapshots ProfileTopPage renders correctly 1`] = `
<div>
  <div
    style={
      Object {
        "margin": "0 auto",
        "textAlign": "right",
      }
    }
  >
    <button
      className="sc-eCssSg lftEmV"
      onClick={[Function]}
    >
      Profile
    </button>
  </div>
  <div
    className="react-tabs"
    data-tabs={true}
    onClick={[Function]}
    onKeyDown={[Function]}
  >
    <ul
      className="react-tabs__tab-list"
      role="tablist"
    >
      <li
        aria-controls="react-tabs-1"
        aria-disabled="false"
        aria-selected="true"
        className="react-tabs__tab react-tabs__tab--selected"
        id="react-tabs-0"
        role="tab"
        tabIndex="0"
      >
        profileTopPage.tab1
      </li>
      <li
        aria-controls="react-tabs-3"
        aria-disabled="false"
        aria-selected="false"
        className="react-tabs__tab"
        id="react-tabs-2"
        role="tab"
        tabIndex={null}
      >
        profileTopPage.tab2
      </li>
      <li
        aria-controls="react-tabs-5"
        aria-disabled="false"
        aria-selected="false"
        className="react-tabs__tab"
        id="react-tabs-4"
        role="tab"
        tabIndex={null}
      >
        profileTopPage.tab3
      </li>
      <li
        aria-controls="react-tabs-7"
        aria-disabled="false"
        aria-selected="false"
        className="react-tabs__tab"
        id="react-tabs-6"
        role="tab"
        tabIndex={null}
      >
        profileTopPage.tab4
      </li>
      <li
        aria-controls="react-tabs-9"
        aria-disabled="false"
        aria-selected="false"
        className="react-tabs__tab"
        id="react-tabs-8"
        role="tab"
        tabIndex={null}
      >
        profileTopPage.tab5
      </li>
      <li
        aria-controls="react-tabs-11"
        aria-disabled="false"
        aria-selected="false"
        className="react-tabs__tab"
        id="react-tabs-10"
        role="tab"
        tabIndex={null}
      >
        profileTopPage.tab6
      </li>
    </ul>
    <div
      aria-labelledby="react-tabs-0"
      className="react-tabs__tab-panel react-tabs__tab-panel--selected"
      id="react-tabs-1"
      role="tabpanel"
    >
      <div
        className="sc-hKgILt fdNGpG"
      >
        <div
          className="sc-dlfnbm kmkwwG"
          size="20"
        />
      </div>
    </div>
    <div
      aria-labelledby="react-tabs-2"
      className="react-tabs__tab-panel"
      id="react-tabs-3"
      role="tabpanel"
    />
    <div
      aria-labelledby="react-tabs-4"
      className="react-tabs__tab-panel"
      id="react-tabs-5"
      role="tabpanel"
    />
    <div
      aria-labelledby="react-tabs-6"
      className="react-tabs__tab-panel"
      id="react-tabs-7"
      role="tabpanel"
    />
    <div
      aria-labelledby="react-tabs-8"
      className="react-tabs__tab-panel"
      id="react-tabs-9"
      role="tabpanel"
    />
    <div
      aria-labelledby="react-tabs-10"
      className="react-tabs__tab-panel"
      id="react-tabs-11"
      role="tabpanel"
    />
  </div>
</div>
`;
